#-----------------------------------------------------------
# Vivado v2025.1 (64-bit)
# SW Build 6140274 on Thu May 22 00:12:29 MDT 2025
# IP Build 6138677 on Thu May 22 03:10:11 MDT 2025
# SharedData Build 6139179 on Tue May 20 17:58:58 MDT 2025
# Start of session at: Wed Oct 29 03:29:44 2025
# Process ID         : 2532
# Current directory  : C:/Users/stefa/TP2/TP2.runs/synth_1
# Command line       : vivado.exe -log uart_top.vds -product Vivado -mode batch -messageDb vivado.pb -notrace -source uart_top.tcl
# Log file           : C:/Users/stefa/TP2/TP2.runs/synth_1/uart_top.vds
# Journal file       : C:/Users/stefa/TP2/TP2.runs/synth_1\vivado.jou
# Running On         : fer-win-pc
# Platform           : Windows Server 2016 or Windows 10
# Operating System   : 26100
# Processor Detail   : AMD Ryzen 7 2700 Eight-Core Processor          
# CPU Frequency      : 3200 MHz
# CPU Physical cores : 8
# CPU Logical cores  : 16
# Host memory        : 17102 MB
# Swap memory        : 14495 MB
# Total Virtual      : 31597 MB
# Available Virtual  : 16555 MB
#-----------------------------------------------------------
source uart_top.tcl -notrace
